Component: ARM Compiler 5.06 update 4 (build 422) Tool: armlink [4d35d2]

==============================================================================

Section Cross References

    manager.o(.text) refers to front_motor.o(.text) for FrontMotor_QuickInit
    manager.o(.text) refers to rear_motors.o(.text) for RearMotors_QuickInit
    manager.o(.text) refers to position_sensors.o(.text) for PositionSensor_QuickInit
    manager.o(.text) refers to speed_sensors.o(.text) for SpeedSensor_QuickInit
    manager.o(.text) refers to us_sensors.o(.text) for US_QuickInit
    manager.o(.text) refers to direction.o(.text) for Direction_QuickInit
    manager.o(.text) refers to battery.o(.text) for Battery_QuickInit
    manager.o(.text) refers to system_time.o(.text) for System_Time_QuickInit
    manager.o(.text) refers to dflti.o(.text) for __aeabi_i2d
    manager.o(.text) refers to ddiv.o(.text) for __aeabi_ddiv
    manager.o(.text) refers to d2f.o(.text) for __aeabi_d2f
    manager.o(.text) refers to motors.o(.text) for Motor_setSpeed
    manager.o(.text) refers to manager.o(.data) for Manager_remainingTimeInCommandPeriod
    manager.o(.text) refers to data_interface.o(.data) for pDataITF_PI
    manager.o(.text) refers to rear_motors.o(.data) for speed_cmd
    main.o(.text) refers to can.o(.text) for CAN_setup
    main.o(.text) refers to speed_sensors.o(.text) for SpeedSensor_get
    main.o(.text) refers to fadd.o(.text) for __aeabi_fadd
    main.o(.text) refers to f2d.o(.text) for __aeabi_f2d
    main.o(.text) refers to ddiv.o(.text) for __aeabi_ddiv
    main.o(.text) refers to dfixui.o(.text) for __aeabi_d2uiz
    main.o(.text) refers to us_sensors.o(.text) for US_CalcDistance
    main.o(.text) refers to cfcmple.o(.text) for __aeabi_cfcmple
    main.o(.text) refers to ffixi.o(.text) for __aeabi_f2iz
    main.o(.text) refers to fflti.o(.text) for __aeabi_i2f
    main.o(.text) refers to cfrcmple.o(.text) for __aeabi_cfrcmple
    main.o(.text) refers to ffltui.o(.text) for __aeabi_ui2f
    main.o(.text) refers to api_can.o(.text) for create_ultrasound_frame
    main.o(.text) refers to direction.o(.text) for Direction_get
    main.o(.text) refers to main.o(.data) for msTicks
    main.o(.text) refers to can.o(.bss) for CAN_TxMsg
    main.o(.text) refers to can.o(.data) for CAN_TxRdy0
    main.o(.text) refers to battery.o(.text) for Battery_get
    main.o(.text) refers to front_motor.o(.text) for FrontMotor_turn
    main.o(.text) refers to motors.o(.text) for Motor_Disable
    battery.o(.text) refers to adc.o(.text) for ADC_QuickInit
    data_interface.o(.text) refers to data_interface.o(.data) for pDataITF_STM
    direction.o(.text) refers to adc.o(.text) for ADC_QuickInit
    driver_callbacks.o(.text) refers to hall_sensors.o(.text) for HallSensor_Handler
    front_motor.o(.text) refers to motors.o(.text) for Motor_QuickInit
    front_motor.o(.text) refers to front_motor.o(.data) for FrontMotor_position
    hall_sensors.o(.text) refers to exti.o(.text) for EXTI_QuickInit
    hall_sensors.o(.text) refers to system_time.o(.text) for millis
    hall_sensors.o(.text) refers to hall_sensors.o(.data) for adder
    hall_sensors.o(.text) refers to hall_sensors.o(.bss) for SENSOR_LastPops
    hall_sensors.o(.text) refers to motors.o(.data) for Motors_Direction
    motors.o(.text) refers to adc.o(.text) for ADC_QuickInit
    motors.o(.text) refers to tim.o(.text) for TIM_Remap
    motors.o(.text) refers to pwm.o(.text) for PWM_QuickInit
    motors.o(.text) refers to stm32f10x_gpio.o(.text) for GPIO_PinRemapConfig
    motors.o(.text) refers to gpio.o(.text) for GPIO_QuickInit
    motors.o(.text) refers to cfrcmple.o(.text) for __aeabi_cfrcmple
    motors.o(.text) refers to cfcmple.o(.text) for __aeabi_cfcmple
    motors.o(.text) refers to fmul.o(.text) for __aeabi_fmul
    motors.o(.text) refers to fadd.o(.text) for __aeabi_fadd
    motors.o(.text) refers to motors.o(.data) for Motors_Direction
    position_sensors.o(.text) refers to hall_sensors.o(.text) for HallSensor_QuickInit
    position_sensors.o(.text) refers to fflti.o(.text) for __aeabi_i2f
    position_sensors.o(.text) refers to ffltui.o(.text) for __aeabi_ui2f
    position_sensors.o(.text) refers to fdiv.o(.text) for __aeabi_fdiv
    position_sensors.o(.text) refers to fadd.o(.text) for __aeabi_fadd
    position_sensors.o(.text) refers to f2d.o(.text) for __aeabi_f2d
    position_sensors.o(.text) refers to dmul.o(.text) for __aeabi_dmul
    position_sensors.o(.text) refers to d2f.o(.text) for __aeabi_d2f
    position_sensors.o(.text) refers to fmul.o(.text) for __aeabi_fmul
    position_sensors.o(.text) refers to position_sensors.o(.data) for position
    rear_motors.o(.text) refers to motors.o(.text) for Motor_QuickInit
    rear_motors.o(.text) refers to speed_sensors.o(.text) for SpeedSensor_QuickInit
    rear_motors.o(.text) refers to fflti.o(.text) for __aeabi_i2f
    rear_motors.o(.text) refers to cfrcmple.o(.text) for __aeabi_cfrcmple
[...]
    ../clib/microlib/init/entry.s            0x00000000   Number         0  entry7b.o ABSOLUTE
    ../clib/microlib/init/entry.s            0x00000000   Number         0  entry8a.o ABSOLUTE
    ../clib/microlib/init/entry.s            0x00000000   Number         0  entry8b.o ABSOLUTE
    ../clib/microlib/init/entry.s            0x00000000   Number         0  entry9b.o ABSOLUTE
    ../clib/microlib/init/entry.s            0x00000000   Number         0  entry10a.o ABSOLUTE
    ../clib/microlib/init/entry.s            0x00000000   Number         0  entry10b.o ABSOLUTE
    ../clib/microlib/init/entry.s            0x00000000   Number         0  entry11a.o ABSOLUTE
    ../clib/microlib/init/entry.s            0x00000000   Number         0  entry11b.o ABSOLUTE
    ../clib/microlib/init/entry.s            0x00000000   Number         0  entry.o ABSOLUTE
    ../clib/microlib/longlong.c              0x00000000   Number         0  llshl.o ABSOLUTE
    ../clib/microlib/longlong.c              0x00000000   Number         0  llushr.o ABSOLUTE
    ../clib/microlib/longlong.c              0x00000000   Number         0  llsshr.o ABSOLUTE
    ../clib/microlib/string/memcpy.c         0x00000000   Number         0  memcpyb.o ABSOLUTE
    ../clib/microlib/string/memcpy.c         0x00000000   Number         0  memcpya.o ABSOLUTE
    ../clib/microlib/stubs.s                 0x00000000   Number         0  iusefp.o ABSOLUTE
    ../fplib/microlib/d2f.c                  0x00000000   Number         0  d2f.o ABSOLUTE
    ../fplib/microlib/f2d.c                  0x00000000   Number         0  f2d.o ABSOLUTE
    ../fplib/microlib/fpadd.c                0x00000000   Number         0  dadd.o ABSOLUTE
    ../fplib/microlib/fpadd.c                0x00000000   Number         0  fadd.o ABSOLUTE
    ../fplib/microlib/fpdiv.c                0x00000000   Number         0  fdiv.o ABSOLUTE
    ../fplib/microlib/fpdiv.c                0x00000000   Number         0  ddiv.o ABSOLUTE
    ../fplib/microlib/fpepilogue.c           0x00000000   Number         0  fepilogue.o ABSOLUTE
    ../fplib/microlib/fpepilogue.c           0x00000000   Number         0  depilogue.o ABSOLUTE
    ../fplib/microlib/fpfix.c                0x00000000   Number         0  ffixi.o ABSOLUTE
    ../fplib/microlib/fpfix.c                0x00000000   Number         0  dfixui.o ABSOLUTE
    ../fplib/microlib/fpfix.c                0x00000000   Number         0  ffixui.o ABSOLUTE
    ../fplib/microlib/fpflt.c                0x00000000   Number         0  ffltul.o ABSOLUTE
    ../fplib/microlib/fpflt.c                0x00000000   Number         0  ffltui.o ABSOLUTE
    ../fplib/microlib/fpflt.c                0x00000000   Number         0  fflti.o ABSOLUTE
    ../fplib/microlib/fpflt.c                0x00000000   Number         0  dflti.o ABSOLUTE
    ../fplib/microlib/fpflt.c                0x00000000   Number         0  dfltui.o ABSOLUTE
    ../fplib/microlib/fpmul.c                0x00000000   Number         0  fmul.o ABSOLUTE
    ../fplib/microlib/fpmul.c                0x00000000   Number         0  dmul.o ABSOLUTE
    ..\CAN\src\API_CAN.c                     0x00000000   Number         0  api_can.o ABSOLUTE
    ..\CAN\src\CAN.c                         0x00000000   Number         0  can.o ABSOLUTE
    ..\CAN\src\IT.c                          0x00000000   Number         0  it.o ABSOLUTE
    ..\CAN\src\LCD_4bit.c                    0x00000000   Number         0  lcd_4bit.o ABSOLUTE
    ..\CAN\src\Timer_1234.c                  0x00000000   Number         0  timer_1234.o ABSOLUTE
    ..\CAN\src\clock.c                       0x00000000   Number         0  clock.o ABSOLUTE
    ..\CMSIS\CM3\CoreSupport\core_cm3.c      0x00000000   Number         0  core_cm3.o ABSOLUTE
    ..\CMSIS\CM3\DeviceSupport\ST\STM32F10x\startup\arm\startup_stm32f10x_md.s 0x00000000   Number         0  startup_stm32f10x_md.o ABSOLUTE
    ..\CMSIS\CM3\DeviceSupport\ST\STM32F10x\system_stm32f10x.c 0x00000000   Number         0  system_stm32f10x.o ABSOLUTE
    ..\STM32F10x_StdPeriph_Driver\src\misc.c 0x00000000   Number         0  misc.o ABSOLUTE
    ..\STM32F10x_StdPeriph_Driver\src\stm32f10x_adc.c 0x00000000   Number         0  stm32f10x_adc.o ABSOLUTE
    ..\STM32F10x_StdPeriph_Driver\src\stm32f10x_bkp.c 0x00000000   Number         0  stm32f10x_bkp.o ABSOLUTE
    ..\STM32F10x_StdPeriph_Driver\src\stm32f10x_can.c 0x00000000   Number         0  stm32f10x_can.o ABSOLUTE
    ..\STM32F10x_StdPeriph_Driver\src\stm32f10x_cec.c 0x00000000   Number         0  stm32f10x_cec.o ABSOLUTE
    ..\STM32F10x_StdPeriph_Driver\src\stm32f10x_crc.c 0x00000000   Number         0  stm32f10x_crc.o ABSOLUTE
    ..\STM32F10x_StdPeriph_Driver\src\stm32f10x_dac.c 0x00000000   Number         0  stm32f10x_dac.o ABSOLUTE
    ..\STM32F10x_StdPeriph_Driver\src\stm32f10x_dbgmcu.c 0x00000000   Number         0  stm32f10x_dbgmcu.o ABSOLUTE
    ..\STM32F10x_StdPeriph_Driver\src\stm32f10x_dma.c 0x00000000   Number         0  stm32f10x_dma.o ABSOLUTE
    ..\STM32F10x_StdPeriph_Driver\src\stm32f10x_exti.c 0x00000000   Number         0  stm32f10x_exti.o ABSOLUTE
    ..\STM32F10x_StdPeriph_Driver\src\stm32f10x_flash.c 0x00000000   Number         0  stm32f10x_flash.o ABSOLUTE
    ..\STM32F10x_StdPeriph_Driver\src\stm32f10x_fsmc.c 0x00000000   Number         0  stm32f10x_fsmc.o ABSOLUTE
    ..\STM32F10x_StdPeriph_Driver\src\stm32f10x_gpio.c 0x00000000   Number         0  stm32f10x_gpio.o ABSOLUTE
    ..\STM32F10x_StdPeriph_Driver\src\stm32f10x_i2c.c 0x00000000   Number         0  stm32f10x_i2c.o ABSOLUTE
    ..\STM32F10x_StdPeriph_Driver\src\stm32f10x_iwdg.c 0x00000000   Number         0  stm32f10x_iwdg.o ABSOLUTE
    ..\STM32F10x_StdPeriph_Driver\src\stm32f10x_pwr.c 0x00000000   Number         0  stm32f10x_pwr.o ABSOLUTE
    ..\STM32F10x_StdPeriph_Driver\src\stm32f10x_rcc.c 0x00000000   Number         0  stm32f10x_rcc.o ABSOLUTE
    ..\STM32F10x_StdPeriph_Driver\src\stm32f10x_rtc.c 0x00000000   Number         0  stm32f10x_rtc.o ABSOLUTE
    ..\STM32F10x_StdPeriph_Driver\src\stm32f10x_sdio.c 0x00000000   Number         0  stm32f10x_sdio.o ABSOLUTE
    ..\STM32F10x_StdPeriph_Driver\src\stm32f10x_spi.c 0x00000000   Number         0  stm32f10x_spi.o ABSOLUTE
    ..\STM32F10x_StdPeriph_Driver\src\stm32f10x_tim.c 0x00000000   Number         0  stm32f10x_tim.o ABSOLUTE
    ..\STM32F10x_StdPeriph_Driver\src\stm32f10x_usart.c 0x00000000   Number         0  stm32f10x_usart.o ABSOLUTE
    ..\STM32F10x_StdPeriph_Driver\src\stm32f10x_wwdg.c 0x00000000   Number         0  stm32f10x_wwdg.o ABSOLUTE
    ..\\CMSIS\\CM3\\CoreSupport\\core_cm3.c  0x00000000   Number         0  core_cm3.o ABSOLUTE
    ..\app\main.c                            0x00000000   Number         0  main.o ABSOLUTE
    ..\app\manager.c                         0x00000000   Number         0  manager.o ABSOLUTE
    ..\lib\Drivers_Car\src\battery.c         0x00000000   Number         0  battery.o ABSOLUTE
    ..\lib\Drivers_Car\src\data_interface.c  0x00000000   Number         0  data_interface.o ABSOLUTE
    ..\lib\Drivers_Car\src\direction.c       0x00000000   Number         0  direction.o ABSOLUTE
    ..\lib\Drivers_Car\src\driver_callbacks.c 0x00000000   Number         0  driver_callbacks.o ABSOLUTE
    ..\lib\Drivers_Car\src\frame_check.c     0x00000000   Number         0  frame_check.o ABSOLUTE
    ..\lib\Drivers_Car\src\front_motor.c     0x00000000   Number         0  front_motor.o ABSOLUTE
    ..\lib\Drivers_Car\src\hall_sensors.c    0x00000000   Number         0  hall_sensors.o ABSOLUTE
    ..\lib\Drivers_Car\src\init.c            0x00000000   Number         0  init.o ABSOLUTE
    ..\lib\Drivers_Car\src\motors.c          0x00000000   Number         0  motors.o ABSOLUTE
    ..\lib\Drivers_Car\src\position_sensors.c 0x00000000   Number         0  position_sensors.o ABSOLUTE
    ..\lib\Drivers_Car\src\rear_motors.c     0x00000000   Number         0  rear_motors.o ABSOLUTE
    ..\lib\Drivers_Car\src\speed_sensors.c   0x00000000   Number         0  speed_sensors.o ABSOLUTE
    ..\lib\Drivers_Car\src\system_time.c     0x00000000   Number         0  system_time.o ABSOLUTE
    ..\lib\Drivers_Car\src\us_sensors.c      0x00000000   Number         0  us_sensors.o ABSOLUTE
    ..\lib\StdPeriph_Ex\src\adc.c            0x00000000   Number         0  adc.o ABSOLUTE
    ..\lib\StdPeriph_Ex\src\debug.c          0x00000000   Number         0  debug.o ABSOLUTE
    ..\lib\StdPeriph_Ex\src\dma.c            0x00000000   Number         0  dma.o ABSOLUTE
    ..\lib\StdPeriph_Ex\src\exti.c           0x00000000   Number         0  exti.o ABSOLUTE
    ..\lib\StdPeriph_Ex\src\gpio.c           0x00000000   Number         0  gpio.o ABSOLUTE
    ..\lib\StdPeriph_Ex\src\it_handlers.c    0x00000000   Number         0  it_handlers.o ABSOLUTE
    ..\lib\StdPeriph_Ex\src\nvic.c           0x00000000   Number         0  nvic.o ABSOLUTE
    ..\lib\StdPeriph_Ex\src\pwm.c            0x00000000   Number         0  pwm.o ABSOLUTE
    ..\lib\StdPeriph_Ex\src\spi.c            0x00000000   Number         0  spi.o ABSOLUTE
    ..\lib\StdPeriph_Ex\src\systick.c        0x00000000   Number         0  systick.o ABSOLUTE
    ..\lib\StdPeriph_Ex\src\tim.c            0x00000000   Number         0  tim.o ABSOLUTE
    ..\lib\StdPeriph_Ex\src\tim_ic.c         0x00000000   Number         0  tim_ic.o ABSOLUTE
    cdcmple.s                                0x00000000   Number         0  cdcmple.o ABSOLUTE
    cdrcmple.s                               0x00000000   Number         0  cdrcmple.o ABSOLUTE
    cfcmple.s                                0x00000000   Number         0  cfcmple.o ABSOLUTE
    cfrcmple.s                               0x00000000   Number         0  cfrcmple.o ABSOLUTE
    dc.s                                     0x00000000   Number         0  dc.o ABSOLUTE
    handlers.s                               0x00000000   Number         0  handlers.o ABSOLUTE
    init.s                                   0x00000000   Number         0  init.o ABSOLUTE
    RESET                                    0x08000000   Section      236  startup_stm32f10x_md.o(RESET)
    .ARM.Collect$$$$00000000                 0x080000ec   Section        0  entry.o(.ARM.Collect$$$$00000000)
    .ARM.Collect$$$$00000001                 0x080000ec   Section        4  entry2.o(.ARM.Collect$$$$00000001)
    .ARM.Collect$$$$00000004                 0x080000f0   Section        4  entry5.o(.ARM.Collect$$$$00000004)
    .ARM.Collect$$$$00000008                 0x080000f4   Section        0  entry7b.o(.ARM.Collect$$$$00000008)
    .ARM.Collect$$$$0000000A                 0x080000f4   Section        0  entry8b.o(.ARM.Collect$$$$0000000A)
    .ARM.Collect$$$$0000000B                 0x080000f4   Section        8  entry9a.o(.ARM.Collect$$$$0000000B)
    .ARM.Collect$$$$0000000D                 0x080000fc   Section        0  entry10a.o(.ARM.Collect$$$$0000000D)
    .ARM.Collect$$$$0000000F                 0x080000fc   Section        0  entry11a.o(.ARM.Collect$$$$0000000F)
    .ARM.Collect$$$$00002712                 0x080000fc   Section        4  entry2.o(.ARM.Collect$$$$00002712)
    __lit__00000000                          0x080000fc   Data           4  entry2.o(.ARM.Collect$$$$00002712)
    .text                                    0x08000100   Section        0  manager.o(.text)
    .text                                    0x08000248   Section        0  main.o(.text)
    .text                                    0x0800089c   Section        0  battery.o(.text)
    .text                                    0x080008d8   Section        0  direction.o(.text)
    .text                                    0x08000908   Section        0  driver_callbacks.o(.text)
    .text                                    0x08000930   Section        0  front_motor.o(.text)
    .text                                    0x080009f8   Section        0  hall_sensors.o(.text)
    .text                                    0x08000c7c   Section        0  motors.o(.text)
    .text                                    0x08000ec0   Section        0  position_sensors.o(.text)
    .text                                    0x08000f64   Section        0  rear_motors.o(.text)
    .text                                    0x080013ac   Section        0  speed_sensors.o(.text)
    .text                                    0x080015bc   Section        0  system_time.o(.text)
    .text                                    0x0800161c   Section        0  us_sensors.o(.text)
    .text                                    0x08001cdc   Section        0  adc.o(.text)
    .text                                    0x08001fcc   Section        0  dma.o(.text)
    .text                                    0x08002104   Section        0  exti.o(.text)
    .text                                    0x0800240c   Section        0  gpio.o(.text)
    .text                                    0x080024c4   Section        0  it_handlers.o(.text)
    .text                                    0x08002728   Section        0  nvic.o(.text)
    .text                                    0x08002754   Section        0  pwm.o(.text)
    .text                                    0x08002a24   Section        0  spi.o(.text)
    .text                                    0x08002b30   Section        0  systick.o(.text)
    .text                                    0x08002bac   Section        0  tim.o(.text)
    .text                                    0x08002f28   Section        0  misc.o(.text)
    .text                                    0x08003004   Section        0  stm32f10x_adc.o(.text)
    .text                                    0x08003454   Section        0  stm32f10x_dma.o(.text)
    .text                                    0x080036a8   Section        0  stm32f10x_exti.o(.text)
    .text                                    0x080037c4   Section        0  stm32f10x_gpio.o(.text)
    .text                                    0x08003b20   Section        0  stm32f10x_rcc.o(.text)
    .text                                    0x08003ec4   Section        0  stm32f10x_spi.o(.text)
    .text                                    0x080041d0   Section        0  stm32f10x_tim.o(.text)
    TI4_Config                               0x08004677   Thumb Code   130  stm32f10x_tim.o(.text)
    TI3_Config                               0x0800470b   Thumb Code   122  stm32f10x_tim.o(.text)
    TI2_Config                               0x0800479f   Thumb Code   130  stm32f10x_tim.o(.text)
    TI1_Config                               0x08004833   Thumb Code   108  stm32f10x_tim.o(.text)
    .text                                    0x08004fec   Section        0  system_stm32f10x.o(.text)
    SetSysClockTo72                          0x08004fed   Thumb Code   214  system_stm32f10x.o(.text)
    SetSysClock                              0x080050c3   Thumb Code     8  system_stm32f10x.o(.text)
    .text                                    0x080051cc   Section       36  startup_stm32f10x_md.o(.text)
    .text                                    0x080051f0   Section        0  api_can.o(.text)
    .text                                    0x0800526c   Section        0  can.o(.text)
    NVIC_EnableIRQ                           0x0800574f   Thumb Code    22  can.o(.text)
    .text                                    0x08005788   Section        0  it.o(.text)
    .text                                    0x080058e0   Section        0  memcpya.o(.text)
    .text                                    0x08005904   Section        0  fadd.o(.text)
    .text                                    0x080059b4   Section        0  fmul.o(.text)
    .text                                    0x08005a18   Section        0  fdiv.o(.text)
    .text                                    0x08005a94   Section        0  dadd.o(.text)
    .text                                    0x08005be2   Section        0  dmul.o(.text)
    .text                                    0x08005cc6   Section        0  ddiv.o(.text)
    .text                                    0x08005da4   Section        0  fflti.o(.text)
    .text                                    0x08005db6   Section        0  ffltui.o(.text)
    .text                                    0x08005dc0   Section        0  ffltul.o(.text)
    .text                                    0x08005ddc   Section        0  dflti.o(.text)
    .text                                    0x08005dfe   Section        0  dfltui.o(.text)
    .text                                    0x08005e18   Section        0  ffixi.o(.text)
    .text                                    0x08005e4a   Section        0  ffixui.o(.text)
    .text                                    0x08005e72   Section        0  dfixui.o(.text)
    .text                                    0x08005ea4   Section        0  f2d.o(.text)
    .text                                    0x08005ecc   Section       48  cdcmple.o(.text)
    .text                                    0x08005efc   Section       48  cdrcmple.o(.text)
    .text                                    0x08005f2c   Section        0  d2f.o(.text)
    .text                                    0x08005f64   Section       20  cfcmple.o(.text)
    .text                                    0x08005f78   Section       20  cfrcmple.o(.text)
    .text                                    0x08005f8c   Section        0  llshl.o(.text)
    .text                                    0x08005faa   Section        0  llushr.o(.text)
    .text                                    0x08005fca   Section        0  llsshr.o(.text)
    .text                                    0x08005fee   Section        0  fepilogue.o(.text)
    .text                                    0x08005fee   Section        0  iusefp.o(.text)
    .text                                    0x0800605c   Section        0  depilogue.o(.text)
    .text                                    0x08006118   Section       36  init.o(.text)
    .text                                    0x0800613c   Section        0  __dczerorl2.o(.text)
    i.__scatterload_copy                     0x08006192   Section       14  handlers.o(i.__scatterload_copy)
    i.__scatterload_null                     0x080061a0   Section        2  handlers.o(i.__scatterload_null)
    i.__scatterload_zeroinit                 0x080061a2   Section       14  handlers.o(i.__scatterload_zeroinit)
    .data                                    0x20000000   Section       12  manager.o(.data)
    .data                                    0x2000000c   Section       97  main.o(.data)
    .data                                    0x20000070   Section        8  data_interface.o(.data)
    .data                                    0x20000078   Section        2  front_motor.o(.data)
    .data                                    0x2000007c   Section       33  hall_sensors.o(.data)
    .data                                    0x2000009d   Section        3  motors.o(.data)
    .data                                    0x200000a0   Section        8  position_sensors.o(.data)
    .data                                    0x200000a8   Section       40  rear_motors.o(.data)
    car_speed_L                              0x200000aa   Data           2  rear_motors.o(.data)
    car_speed_R                              0x200000ac   Data           2  rear_motors.o(.data)
    duty_cycle_L                             0x200000b0   Data           4  rear_motors.o(.data)
    duty_cycle_R                             0x200000b4   Data           4  rear_motors.o(.data)
    out_prec                                 0x200000bc   Data           4  rear_motors.o(.data)
    outPI_prec_no_offset                     0x200000c0   Data           4  rear_motors.o(.data)
    unsat_PI_output_f                        0x200000c4   Data           4  rear_motors.o(.data)
    outPI_prec_no_offset                     0x200000c8   Data           4  rear_motors.o(.data)
    unsat_PI_output_f                        0x200000cc   Data           4  rear_motors.o(.data)
    .data                                    0x200000d0   Section       28  speed_sensors.o(.data)
    speed                                    0x200000d4   Data           8  speed_sensors.o(.data)
    .data                                    0x200000f0   Section        9  system_time.o(.data)
    .data                                    0x200000fc   Section       25  us_sensors.o(.data)
    .data                                    0x20000115   Section        4  tim.o(.data)
    .data                                    0x20000119   Section       20  stm32f10x_rcc.o(.data)
    APBAHBPrescTable                         0x20000119   Data          16  stm32f10x_rcc.o(.data)
    ADCPrescTable                            0x20000129   Data           4  stm32f10x_rcc.o(.data)
    .data                                    0x20000130   Section       20  system_stm32f10x.o(.data)
    .data                                    0x20000144   Section       18  can.o(.data)
    CAN_filterIdx                            0x20000154   Data           2  can.o(.data)
    .data                                    0x20000158   Section       16  it.o(.data)
    .bss                                     0x20000168   Section      576  hall_sensors.o(.bss)
    .bss                                     0x200003a8   Section       92  us_sensors.o(.bss)
    .bss                                     0x20000404   Section       42  adc.o(.bss)
    .bss                                     0x20000430   Section       32  can.o(.bss)
    STACK                                    0x20000450   Section     1024  startup_stm32f10x_md.o(STACK)

    Global Symbols

    Symbol Name                              Value     Ov Type        Size  Object(Section)

    BuildAttributes$$THM_ISAv4$P$D$K$B$S$PE$A:L22UL41UL21$X:L11$S22US41US21$IEEE1$IW$USESV6$~STKCKD$USESV7$~SHL$OTIME$ROPI$EBA8$MICROLIB$REQ8$PRES8$EABIv2 0x00000000   Number         0  anon$$obj.o ABSOLUTE
    __ARM_use_no_argv                        0x00000000   Number         0  main.o ABSOLUTE
    __cpp_initialize__aeabi_                  - Undefined Weak Reference
    __cxa_finalize                            - Undefined Weak Reference
    _clock_init                               - Undefined Weak Reference
    _microlib_exit                            - Undefined Weak Reference
    __Vectors_Size                           0x000000ec   Number         0  startup_stm32f10x_md.o ABSOLUTE
    __Vectors                                0x08000000   Data           4  startup_stm32f10x_md.o(RESET)
    __Vectors_End                            0x080000ec   Data           0  startup_stm32f10x_md.o(RESET)
    __main                                   0x080000ed   Thumb Code     0  entry.o(.ARM.Collect$$$$00000000)
    _main_stk                                0x080000ed   Thumb Code     0  entry2.o(.ARM.Collect$$$$00000001)
    _main_scatterload                        0x080000f1   Thumb Code     0  entry5.o(.ARM.Collect$$$$00000004)
    __main_after_scatterload                 0x080000f5   Thumb Code     0  entry5.o(.ARM.Collect$$$$00000004)
    _main_clock                              0x080000f5   Thumb Code     0  entry7b.o(.ARM.Collect$$$$00000008)
    _main_cpp_init                           0x080000f5   Thumb Code     0  entry8b.o(.ARM.Collect$$$$0000000A)
    _main_init                               0x080000f5   Thumb Code     0  entry9a.o(.ARM.Collect$$$$0000000B)
    __rt_final_cpp                           0x080000fd   Thumb Code     0  entry10a.o(.ARM.Collect$$$$0000000D)
    __rt_final_exit                          0x080000fd   Thumb Code     0  entry11a.o(.ARM.Collect$$$$0000000F)
    Manager_Init                             0x08000101   Thumb Code    60  manager.o(.text)
    Manager_Callback                         0x0800013d   Thumb Code   244  manager.o(.text)
    Delay                                    0x08000249   Thumb Code    18  main.o(.text)
    can_Init                                 0x0800025b   Thumb Code    38  main.o(.text)
    canPeriodic                              0x08000281   Thumb Code  1282  main.o(.text)
    Turn                                     0x08000783   Thumb Code    56  main.o(.text)
    Speed_Cmd                                0x080007bb   Thumb Code    84  main.o(.text)
    Dir_Cmd                                  0x0800080f   Thumb Code    96  main.o(.text)
    main                                     0x0800086f   Thumb Code     4  main.o(.text)
    Battery_QuickInit                        0x0800089d   Thumb Code    20  battery.o(.text)
    Battery_get                              0x080008b1   Thumb Code    32  battery.o(.text)
    Direction_QuickInit                      0x080008d9   Thumb Code    20  direction.o(.text)
    Direction_get                            0x080008ed   Thumb Code    18  direction.o(.text)
    SPIComm_Rx_Data_Handler                  0x0800090d   Thumb Code     2  driver_callbacks.o(.text)
    SPIComm_Tx_Data_Handler                  0x0800090f   Thumb Code     2  driver_callbacks.o(.text)
    EXTI_Callback                            0x08000911   Thumb Code    30  driver_callbacks.o(.text)
    FrontMotor_QuickInit                     0x08000931   Thumb Code    10  front_motor.o(.text)
    turn_stop                                0x0800093b   Thumb Code    18  front_motor.o(.text)
    turn_right                               0x0800094d   Thumb Code    18  front_motor.o(.text)
    turn_left                                0x0800095f   Thumb Code    18  front_motor.o(.text)
    FrontMotor_turn                          0x08000971   Thumb Code    72  front_motor.o(.text)
    FrontMotor_Handler                       0x080009b9   Thumb Code    48  front_motor.o(.text)
    HallSensor_count                         0x080009f9   Thumb Code    46  hall_sensors.o(.text)
    SENSOR_ResetTimeToNextHallPeriod         0x08000a27   Thumb Code    10  hall_sensors.o(.text)
    SENSOR_Reset                             0x08000a31   Thumb Code    68  hall_sensors.o(.text)
    HallSensor_QuickInit                     0x08000a75   Thumb Code    18  hall_sensors.o(.text)
    HallSensor_newEdge                       0x08000a87   Thumb Code   164  hall_sensors.o(.text)
    HallSensor_Handler                       0x08000b2b   Thumb Code    12  hall_sensors.o(.text)
    HallSensor_getSector                     0x08000b37   Thumb Code    26  hall_sensors.o(.text)
    HallSensor_getLap                        0x08000b51   Thumb Code    10  hall_sensors.o(.text)
    HallSensor_getLastPop                    0x08000b5b   Thumb Code    46  hall_sensors.o(.text)
    HallSensor_getNumberTicksInPeriod        0x08000b89   Thumb Code     8  hall_sensors.o(.text)
    HallSensor_countPeridodTicks             0x08000b91   Thumb Code    28  hall_sensors.o(.text)
    HallSensor_decount                       0x08000bad   Thumb Code    46  hall_sensors.o(.text)
    HallSensor_setCountDecount               0x08000bdb   Thumb Code    50  hall_sensors.o(.text)
    HallSensor_TimeCallback                  0x08000c0d   Thumb Code    68  hall_sensors.o(.text)
    Motor_InitCurrent                        0x08000c7d   Thumb Code    74  motors.o(.text)
    Motor_QuickInit                          0x08000cc7   Thumb Code   166  motors.o(.text)
    Motor_setSpeed                           0x08000d6d   Thumb Code   170  motors.o(.text)
    Motor_Enable                             0x08000e17   Thumb Code    40  motors.o(.text)
    Motor_Disable                            0x08000e3f   Thumb Code    40  motors.o(.text)
    Motor_getCurrent                         0x08000e67   Thumb Code    54  motors.o(.text)
    PositionSensor_QuickInit                 0x08000ec1   Thumb Code    38  position_sensors.o(.text)
    PositionSensor_compute                   0x08000ee7   Thumb Code    82  position_sensors.o(.text)
    PositionSensor_get                       0x08000f39   Thumb Code    26  position_sensors.o(.text)
    RearMotors_QuickInit                     0x08000f65   Thumb Code    28  rear_motors.o(.text)
    RearMotors_Enable                        0x08000f81   Thumb Code    16  rear_motors.o(.text)
    RearMotors_Disable                       0x08000f91   Thumb Code    16  rear_motors.o(.text)
    PI_Controller_R                          0x08000fa1   Thumb Code   192  rear_motors.o(.text)
    ComputeMotorCommand_R                    0x08001061   Thumb Code   138  rear_motors.o(.text)
    RearMotor_controlR                       0x080010eb   Thumb Code    80  rear_motors.o(.text)
    PI_Controller_L                          0x0800113b   Thumb Code   192  rear_motors.o(.text)
    ComputeMotorCommand_L                    0x080011fb   Thumb Code   136  rear_motors.o(.text)
    RearMotor_controlL                       0x08001283   Thumb Code    80  rear_motors.o(.text)
    RearMotors_Callback                      0x080012d3   Thumb Code    56  rear_motors.o(.text)
    RearMotors_setSpeed                      0x0800130b   Thumb Code     6  rear_motors.o(.text)
    car_model                                0x08001311   Thumb Code    72  rear_motors.o(.text)
    SpeedSensor_QuickInit                    0x080013ad   Thumb Code    16  speed_sensors.o(.text)
    SpeedSensor_timeBasedMethod              0x080013bd   Thumb Code    62  speed_sensors.o(.text)
    SpeedSensor_tickBasedMethod              0x080013fb   Thumb Code   128  speed_sensors.o(.text)
    SpeedSensor_compute                      0x0800147b   Thumb Code   246  speed_sensors.o(.text)
    SpeedSensor_get                          0x08001571   Thumb Code    26  speed_sensors.o(.text)
    System_Time_QuickInit                    0x080015c3   Thumb Code    16  system_time.o(.text)
    SysTick_Callback                         0x080015d3   Thumb Code    34  system_time.o(.text)
    millis                                   0x080015f5   Thumb Code     6  system_time.o(.text)
    pause                                    0x080015fb   Thumb Code    28  system_time.o(.text)
    exchange                                 0x0800161d   Thumb Code    10  us_sensors.o(.text)
    isParity                                 0x08001627   Thumb Code    10  us_sensors.o(.text)
    US_ClockEnable                           0x08001631   Thumb Code    28  us_sensors.o(.text)
    US_GPIO_Configure                        0x0800164d   Thumb Code    66  us_sensors.o(.text)
    US_NVIC_Configure                        0x0800168f   Thumb Code    70  us_sensors.o(.text)
    DMA_Configuration_Trig                   0x080016d5   Thumb Code   114  us_sensors.o(.text)
    DMA_Configuration_Capture                0x08001747   Thumb Code   180  us_sensors.o(.text)
    US_TIM4_Trig_Init                        0x080017fb   Thumb Code    96  us_sensors.o(.text)
    US_TIM3_Echo_Init                        0x0800185b   Thumb Code   132  us_sensors.o(.text)
    US_CalcDistance                          0x080018df   Thumb Code    42  us_sensors.o(.text)
    US_QuickInit                             0x08001909   Thumb Code    48  us_sensors.o(.text)
    US_StartAcq                              0x08001939   Thumb Code    22  us_sensors.o(.text)
    US_StopAcq                               0x0800194f   Thumb Code    22  us_sensors.o(.text)
    TIM4_IRQHandler                          0x08001965   Thumb Code    22  us_sensors.o(.text)
    DMA1_Channel6_IRQHandler                 0x0800197b   Thumb Code   330  us_sensors.o(.text)
    DMA1_Channel2_IRQHandler                 0x08001ac5   Thumb Code   234  us_sensors.o(.text)
    DMA1_Channel3_IRQHandler                 0x08001baf   Thumb Code   242  us_sensors.o(.text)
    ADC2DMA_Channel                          0x08001cdd   Thumb Code    26  adc.o(.text)
    ADC2int                                  0x08001cf7   Thumb Code    56  adc.o(.text)
    ADC_Clock_Enable                         0x08001d2f   Thumb Code    52  adc.o(.text)
    GPIOPin2ADCChannel                       0x08001d63   Thumb Code   178  adc.o(.text)
    ADC_QuickInit                            0x08001e15   Thumb Code   368  adc.o(.text)
    ADC_QuickGet                             0x08001f85   Thumb Code    30  adc.o(.text)
    ADC_Callback                             0x08001fa3   Thumb Code     2  adc.o(.text)
    DMA_ClockEnable                          0x08001fcd   Thumb Code   116  dma.o(.text)
    DMA_QuickInit_Periph2Buffer              0x08002041   Thumb Code    86  dma.o(.text)
    DMA_QuickInit_Buffer2Periph              0x08002097   Thumb Code    84  dma.o(.text)
    DMA_Callback                             0x080020eb   Thumb Code     2  dma.o(.text)
    DMA_ITHandler                            0x080020ed   Thumb Code    16  dma.o(.text)
    GPIO_Pin_to_GPIO_PinSource               0x08002105   Thumb Code   156  exti.o(.text)
    GPIO_TypeDef_to_GPIO_PortSource          0x080021a1   Thumb Code    78  exti.o(.text)
    Line_to_IRQn                             0x080021ef   Thumb Code   152  exti.o(.text)
    GPIO_Pin_to_EXTI_Line                    0x08002287   Thumb Code   182  exti.o(.text)
    EXTI_QuickInit                           0x0800233d   Thumb Code   164  exti.o(.text)
    EXTI_ITHandler                           0x080023e3   Thumb Code    12  exti.o(.text)
    GPIO_ClockEnable                         0x0800240d   Thumb Code   116  gpio.o(.text)
    GPIO_QuickInit                           0x08002481   Thumb Code    38  gpio.o(.text)
    ADC_ITHandler                            0x080024c9   Thumb Code     2  it_handlers.o(.text)
    EXTI0_IRQHandler                         0x080024d1   Thumb Code    24  it_handlers.o(.text)
    EXTI1_IRQHandler                         0x080024e9   Thumb Code    26  it_handlers.o(.text)
    EXTI2_IRQHandler                         0x08002503   Thumb Code    26  it_handlers.o(.text)
    EXTI3_IRQHandler                         0x0800251d   Thumb Code    26  it_handlers.o(.text)
    EXTI4_IRQHandler                         0x08002537   Thumb Code    26  it_handlers.o(.text)
    EXTI9_5_IRQHandler                       0x08002551   Thumb Code   122  it_handlers.o(.text)
    EXTI15_10_IRQHandler                     0x080025cb   Thumb Code   160  it_handlers.o(.text)
    ADC1_2_IRQHandler                        0x0800266b   Thumb Code   120  it_handlers.o(.text)
    SPI1_IRQHandler                          0x080026e3   Thumb Code    10  it_handlers.o(.text)
    SPI2_IRQHandler                          0x080026ed   Thumb Code    10  it_handlers.o(.text)
    NMI_Handler                              0x080026f7   Thumb Code     2  it_handlers.o(.text)
    HardFault_Handler                        0x080026f9   Thumb Code     4  it_handlers.o(.text)
    MemManage_Handler                        0x080026fd   Thumb Code     4  it_handlers.o(.text)
    BusFault_Handler                         0x08002701   Thumb Code     4  it_handlers.o(.text)
    UsageFault_Handler                       0x08002705   Thumb Code     4  it_handlers.o(.text)
    SVC_Handler                              0x08002709   Thumb Code     2  it_handlers.o(.text)
    DebugMon_Handler                         0x0800270b   Thumb Code     2  it_handlers.o(.text)
    PendSV_Handler                           0x0800270d   Thumb Code     2  it_handlers.o(.text)
    SysTick_Handler                          0x0800270f   Thumb Code     8  it_handlers.o(.text)
    NVIC_QuickInit                           0x08002729   Thumb Code    44  nvic.o(.text)
    pwm_gpio_init                            0x08002755   Thumb Code   316  pwm.o(.text)
    PWM_QuickInit                            0x08002891   Thumb Code   152  pwm.o(.text)
    PWM_QuickInit_Complementary              0x08002929   Thumb Code    88  pwm.o(.text)
    PWM_SetDutyCycle                         0x08002981   Thumb Code   112  pwm.o(.text)
    PWM_Start                                0x080029f1   Thumb Code    12  pwm.o(.text)
    PWM_Stop                                 0x080029fd   Thumb Code    12  pwm.o(.text)
    SPI_ClockEnable                          0x08002a25   Thumb Code    36  spi.o(.text)
    SPI_QuickInit                            0x08002a49   Thumb Code   146  spi.o(.text)
    SPI_Start                                0x08002adb   Thumb Code    14  spi.o(.text)
    SPI_Stop                                 0x08002ae9   Thumb Code    42  spi.o(.text)
    SPI_Callback                             0x08002b13   Thumb Code     2  spi.o(.text)
    SPI_ITHandler                            0x08002b15   Thumb Code    12  spi.o(.text)
    SysTick_QuickInit                        0x08002b33   Thumb Code   102  systick.o(.text)
    SysTick_ITHandler                        0x08002b99   Thumb Code     8  systick.o(.text)
    RCC_timer_configuration                  0x08002bad   Thumb Code    68  tim.o(.text)
    TIM_QuickInit                            0x08002bf1   Thumb Code   320  tim.o(.text)
    TIM_Start                                0x08002d31   Thumb Code    14  tim.o(.text)
    TIM_Stop                                 0x08002d3f   Thumb Code    14  tim.o(.text)
    TIM_Remap                                0x08002d4d   Thumb Code    22  tim.o(.text)
    TIM_RemapStatus                          0x08002d63   Thumb Code    54  tim.o(.text)
    TIM_Callback                             0x08002d99   Thumb Code     2  tim.o(.text)
    TIM_ITHandler                            0x08002d9b   Thumb Code   350  tim.o(.text)
    NVIC_PriorityGroupConfig                 0x08002f29   Thumb Code    10  misc.o(.text)
    NVIC_Init                                0x08002f33   Thumb Code   100  misc.o(.text)
    NVIC_SetVectorTable                      0x08002f97   Thumb Code    14  misc.o(.text)
    NVIC_SystemLPConfig                      0x08002fa5   Thumb Code    34  misc.o(.text)
    SysTick_CLKSourceConfig                  0x08002fc7   Thumb Code    40  misc.o(.text)
    ADC_DeInit                               0x08003005   Thumb Code    78  stm32f10x_adc.o(.text)
    ADC_Init                                 0x08003053   Thumb Code    70  stm32f10x_adc.o(.text)
    ADC_StructInit                           0x08003099   Thumb Code    18  stm32f10x_adc.o(.text)
    ADC_Cmd                                  0x080030ab   Thumb Code    22  stm32f10x_adc.o(.text)
    ADC_DMACmd                               0x080030c1   Thumb Code    22  stm32f10x_adc.o(.text)
    ADC_ITConfig                             0x080030d7   Thumb Code    24  stm32f10x_adc.o(.text)
    ADC_ResetCalibration                     0x080030ef   Thumb Code    10  stm32f10x_adc.o(.text)
    ADC_GetResetCalibrationStatus            0x080030f9   Thumb Code    20  stm32f10x_adc.o(.text)
    ADC_StartCalibration                     0x0800310d   Thumb Code    10  stm32f10x_adc.o(.text)
    ADC_GetCalibrationStatus                 0x08003117   Thumb Code    20  stm32f10x_adc.o(.text)
    ADC_SoftwareStartConvCmd                 0x0800312b   Thumb Code    22  stm32f10x_adc.o(.text)
    ADC_GetSoftwareStartConvStatus           0x08003141   Thumb Code    20  stm32f10x_adc.o(.text)
    ADC_DiscModeChannelCountConfig           0x08003155   Thumb Code    24  stm32f10x_adc.o(.text)
    ADC_DiscModeCmd                          0x0800316d   Thumb Code    22  stm32f10x_adc.o(.text)
    ADC_RegularChannelConfig                 0x08003183   Thumb Code   184  stm32f10x_adc.o(.text)
    ADC_ExternalTrigConvCmd                  0x0800323b   Thumb Code    22  stm32f10x_adc.o(.text)
    ADC_GetConversionValue                   0x08003251   Thumb Code     8  stm32f10x_adc.o(.text)
    ADC_GetDualModeConversionValue           0x08003259   Thumb Code     8  stm32f10x_adc.o(.text)
    ADC_AutoInjectedConvCmd                  0x08003261   Thumb Code    22  stm32f10x_adc.o(.text)
    ADC_InjectedDiscModeCmd                  0x08003277   Thumb Code    22  stm32f10x_adc.o(.text)
    ADC_ExternalTrigInjectedConvConfig       0x0800328d   Thumb Code    16  stm32f10x_adc.o(.text)
    ADC_ExternalTrigInjectedConvCmd          0x0800329d   Thumb Code    22  stm32f10x_adc.o(.text)
    ADC_SoftwareStartInjectedConvCmd         0x080032b3   Thumb Code    22  stm32f10x_adc.o(.text)
    ADC_GetSoftwareStartInjectedConvCmdStatus 0x080032c9   Thumb Code    20  stm32f10x_adc.o(.text)
    ADC_InjectedChannelConfig                0x080032dd   Thumb Code   130  stm32f10x_adc.o(.text)
    ADC_InjectedSequencerLengthConfig        0x0800335f   Thumb Code    24  stm32f10x_adc.o(.text)
    ADC_SetInjectedOffset                    0x08003377   Thumb Code    20  stm32f10x_adc.o(.text)
    ADC_GetInjectedConversionValue           0x0800338b   Thumb Code    28  stm32f10x_adc.o(.text)
    ADC_AnalogWatchdogCmd                    0x080033a7   Thumb Code    16  stm32f10x_adc.o(.text)
    ADC_AnalogWatchdogThresholdsConfig       0x080033b7   Thumb Code     6  stm32f10x_adc.o(.text)
    ADC_AnalogWatchdogSingleChannelConfig    0x080033bd   Thumb Code    16  stm32f10x_adc.o(.text)
    ADC_TempSensorVrefintCmd                 0x080033cd   Thumb Code    64  stm32f10x_adc.o(.text)
    ADC_GetFlagStatus                        0x0800340d   Thumb Code    18  stm32f10x_adc.o(.text)
    ADC_ClearFlag                            0x0800341f   Thumb Code     6  stm32f10x_adc.o(.text)
    ADC_GetITStatus                          0x08003425   Thumb Code    36  stm32f10x_adc.o(.text)
    ADC_ClearITPendingBit                    0x08003449   Thumb Code    10  stm32f10x_adc.o(.text)
    DMA_DeInit                               0x08003455   Thumb Code   324  stm32f10x_dma.o(.text)
    DMA_Init                                 0x08003599   Thumb Code    60  stm32f10x_dma.o(.text)
    DMA_StructInit                           0x080035d5   Thumb Code    26  stm32f10x_dma.o(.text)
    DMA_Cmd                                  0x080035ef   Thumb Code    24  stm32f10x_dma.o(.text)
    DMA_ITConfig                             0x08003607   Thumb Code    18  stm32f10x_dma.o(.text)
    DMA_SetCurrDataCounter                   0x08003619   Thumb Code     4  stm32f10x_dma.o(.text)
    DMA_GetCurrDataCounter                   0x0800361d   Thumb Code     8  stm32f10x_dma.o(.text)
    DMA_GetFlagStatus                        0x08003625   Thumb Code    40  stm32f10x_dma.o(.text)
    DMA_ClearFlag                            0x0800364d   Thumb Code    22  stm32f10x_dma.o(.text)
    DMA_GetITStatus                          0x08003663   Thumb Code    40  stm32f10x_dma.o(.text)
    DMA_ClearITPendingBit                    0x0800368b   Thumb Code    22  stm32f10x_dma.o(.text)
    EXTI_DeInit                              0x080036a9   Thumb Code    28  stm32f10x_exti.o(.text)
    EXTI_Init                                0x080036c5   Thumb Code   142  stm32f10x_exti.o(.text)
    EXTI_StructInit                          0x08003753   Thumb Code    16  stm32f10x_exti.o(.text)
    EXTI_GenerateSWInterrupt                 0x08003763   Thumb Code    16  stm32f10x_exti.o(.text)
    EXTI_GetFlagStatus                       0x08003773   Thumb Code    22  stm32f10x_exti.o(.text)
    EXTI_ClearFlag                           0x08003789   Thumb Code     8  stm32f10x_exti.o(.text)
    EXTI_GetITStatus                         0x08003791   Thumb Code    34  stm32f10x_exti.o(.text)
    EXTI_ClearITPendingBit                   0x080037b3   Thumb Code     8  stm32f10x_exti.o(.text)
    GPIO_DeInit                              0x080037c5   Thumb Code   172  stm32f10x_gpio.o(.text)
    GPIO_AFIODeInit                          0x08003871   Thumb Code    20  stm32f10x_gpio.o(.text)
    GPIO_Init                                0x08003885   Thumb Code   278  stm32f10x_gpio.o(.text)
    GPIO_StructInit                          0x0800399b   Thumb Code    16  stm32f10x_gpio.o(.text)
    GPIO_ReadInputDataBit                    0x080039ab   Thumb Code    18  stm32f10x_gpio.o(.text)
    GPIO_ReadInputData                       0x080039bd   Thumb Code     8  stm32f10x_gpio.o(.text)
    GPIO_ReadOutputDataBit                   0x080039c5   Thumb Code    18  stm32f10x_gpio.o(.text)
    GPIO_ReadOutputData                      0x080039d7   Thumb Code     8  stm32f10x_gpio.o(.text)
    GPIO_SetBits                             0x080039df   Thumb Code     4  stm32f10x_gpio.o(.text)
    GPIO_ResetBits                           0x080039e3   Thumb Code     4  stm32f10x_gpio.o(.text)
    GPIO_WriteBit                            0x080039e7   Thumb Code    10  stm32f10x_gpio.o(.text)
    GPIO_Write                               0x080039f1   Thumb Code     4  stm32f10x_gpio.o(.text)
    GPIO_PinLockConfig                       0x080039f5   Thumb Code    18  stm32f10x_gpio.o(.text)
    GPIO_EventOutputConfig                   0x08003a07   Thumb Code    26  stm32f10x_gpio.o(.text)
    GPIO_EventOutputCmd                      0x08003a21   Thumb Code     6  stm32f10x_gpio.o(.text)
    GPIO_PinRemapConfig                      0x08003a27   Thumb Code   138  stm32f10x_gpio.o(.text)
    GPIO_EXTILineConfig                      0x08003ab1   Thumb Code    66  stm32f10x_gpio.o(.text)
    GPIO_ETH_MediaInterfaceConfig            0x08003af3   Thumb Code     8  stm32f10x_gpio.o(.text)
    RCC_DeInit                               0x08003b21   Thumb Code    64  stm32f10x_rcc.o(.text)
    RCC_HSEConfig                            0x08003b61   Thumb Code    70  stm32f10x_rcc.o(.text)
    RCC_GetFlagStatus                        0x08003ba7   Thumb Code    56  stm32f10x_rcc.o(.text)
    RCC_WaitForHSEStartUp                    0x08003bdf   Thumb Code    56  stm32f10x_rcc.o(.text)
    RCC_AdjustHSICalibrationValue            0x08003c17   Thumb Code    20  stm32f10x_rcc.o(.text)
    RCC_HSICmd                               0x08003c2b   Thumb Code     6  stm32f10x_rcc.o(.text)
    RCC_PLLConfig                            0x08003c31   Thumb Code    24  stm32f10x_rcc.o(.text)
    RCC_PLLCmd                               0x08003c49   Thumb Code     6  stm32f10x_rcc.o(.text)
    RCC_SYSCLKConfig                         0x08003c4f   Thumb Code    18  stm32f10x_rcc.o(.text)
    RCC_GetSYSCLKSource                      0x08003c61   Thumb Code    10  stm32f10x_rcc.o(.text)
    RCC_HCLKConfig                           0x08003c6b   Thumb Code    18  stm32f10x_rcc.o(.text)
    RCC_PCLK1Config                          0x08003c7d   Thumb Code    18  stm32f10x_rcc.o(.text)
    RCC_PCLK2Config                          0x08003c8f   Thumb Code    20  stm32f10x_rcc.o(.text)
    RCC_ITConfig                             0x08003ca3   Thumb Code    26  stm32f10x_rcc.o(.text)
    RCC_USBCLKConfig                         0x08003cbd   Thumb Code     8  stm32f10x_rcc.o(.text)
    RCC_ADCCLKConfig                         0x08003cc5   Thumb Code    18  stm32f10x_rcc.o(.text)
    RCC_LSEConfig                            0x08003cd7   Thumb Code    50  stm32f10x_rcc.o(.text)
    RCC_LSICmd                               0x08003d09   Thumb Code     6  stm32f10x_rcc.o(.text)
    RCC_RTCCLKConfig                         0x08003d0f   Thumb Code    12  stm32f10x_rcc.o(.text)
    RCC_RTCCLKCmd                            0x08003d1b   Thumb Code     8  stm32f10x_rcc.o(.text)
    RCC_GetClocksFreq                        0x08003d23   Thumb Code   192  stm32f10x_rcc.o(.text)
    RCC_AHBPeriphClockCmd                    0x08003de3   Thumb Code    26  stm32f10x_rcc.o(.text)
    RCC_APB2PeriphClockCmd                   0x08003dfd   Thumb Code    26  stm32f10x_rcc.o(.text)
    RCC_APB1PeriphClockCmd                   0x08003e17   Thumb Code    26  stm32f10x_rcc.o(.text)
    RCC_APB2PeriphResetCmd                   0x08003e31   Thumb Code    26  stm32f10x_rcc.o(.text)
    RCC_APB1PeriphResetCmd                   0x08003e4b   Thumb Code    26  stm32f10x_rcc.o(.text)
    RCC_BackupResetCmd                       0x08003e65   Thumb Code     8  stm32f10x_rcc.o(.text)
    RCC_ClockSecuritySystemCmd               0x08003e6d   Thumb Code     6  stm32f10x_rcc.o(.text)
    RCC_MCOConfig                            0x08003e73   Thumb Code     6  stm32f10x_rcc.o(.text)
    RCC_ClearFlag                            0x08003e79   Thumb Code    14  stm32f10x_rcc.o(.text)
    RCC_GetITStatus                          0x08003e87   Thumb Code    20  stm32f10x_rcc.o(.text)
    RCC_ClearITPendingBit                    0x08003e9b   Thumb Code     6  stm32f10x_rcc.o(.text)
    SPI_I2S_DeInit                           0x08003ec5   Thumb Code    76  stm32f10x_spi.o(.text)
    SPI_Init                                 0x08003f11   Thumb Code    60  stm32f10x_spi.o(.text)
    I2S_Init                                 0x08003f4d   Thumb Code   226  stm32f10x_spi.o(.text)
    SPI_StructInit                           0x0800402f   Thumb Code    24  stm32f10x_spi.o(.text)
    I2S_StructInit                           0x08004047   Thumb Code    20  stm32f10x_spi.o(.text)
    SPI_Cmd                                  0x0800405b   Thumb Code    24  stm32f10x_spi.o(.text)
    I2S_Cmd                                  0x08004073   Thumb Code    24  stm32f10x_spi.o(.text)
    SPI_I2S_ITConfig                         0x0800408b   Thumb Code    32  stm32f10x_spi.o(.text)
    SPI_I2S_DMACmd                           0x080040ab   Thumb Code    18  stm32f10x_spi.o(.text)
    SPI_I2S_SendData                         0x080040bd   Thumb Code     4  stm32f10x_spi.o(.text)
    SPI_I2S_ReceiveData                      0x080040c1   Thumb Code     6  stm32f10x_spi.o(.text)
    SPI_NSSInternalSoftwareConfig            0x080040c7   Thumb Code    30  stm32f10x_spi.o(.text)
    SPI_SSOutputCmd                          0x080040e5   Thumb Code    24  stm32f10x_spi.o(.text)
    SPI_DataSizeConfig                       0x080040fd   Thumb Code    18  stm32f10x_spi.o(.text)
    SPI_TransmitCRC                          0x0800410f   Thumb Code    10  stm32f10x_spi.o(.text)
    SPI_CalculateCRC                         0x08004119   Thumb Code    24  stm32f10x_spi.o(.text)
    SPI_GetCRC                               0x08004131   Thumb Code    16  stm32f10x_spi.o(.text)
    SPI_GetCRCPolynomial                     0x08004141   Thumb Code     6  stm32f10x_spi.o(.text)
    SPI_BiDirectionalLineConfig              0x08004147   Thumb Code    28  stm32f10x_spi.o(.text)
    SPI_I2S_GetFlagStatus                    0x08004163   Thumb Code    18  stm32f10x_spi.o(.text)
    SPI_I2S_ClearFlag                        0x08004175   Thumb Code     6  stm32f10x_spi.o(.text)
    SPI_I2S_GetITStatus                      0x0800417b   Thumb Code    52  stm32f10x_spi.o(.text)
    SPI_I2S_ClearITPendingBit                0x080041af   Thumb Code    20  stm32f10x_spi.o(.text)
    TIM_DeInit                               0x080041d1   Thumb Code   424  stm32f10x_tim.o(.text)
    TIM_TimeBaseInit                         0x08004379   Thumb Code   122  stm32f10x_tim.o(.text)
    TIM_OC1Init                              0x080043f3   Thumb Code   132  stm32f10x_tim.o(.text)
    TIM_OC2Init                              0x08004477   Thumb Code   154  stm32f10x_tim.o(.text)
    TIM_OC3Init                              0x08004511   Thumb Code   150  stm32f10x_tim.o(.text)
    TIM_OC4Init                              0x080045a7   Thumb Code   182  stm32f10x_tim.o(.text)
    TIM_SetIC4Prescaler                      0x0800465d   Thumb Code    26  stm32f10x_tim.o(.text)
    TIM_SetIC3Prescaler                      0x080046f9   Thumb Code    18  stm32f10x_tim.o(.text)
    TIM_SetIC2Prescaler                      0x08004785   Thumb Code    26  stm32f10x_tim.o(.text)
    TIM_SetIC1Prescaler                      0x08004821   Thumb Code    18  stm32f10x_tim.o(.text)
    TIM_ICInit                               0x0800489f   Thumb Code   150  stm32f10x_tim.o(.text)
    TIM_PWMIConfig                           0x08004935   Thumb Code   124  stm32f10x_tim.o(.text)
    TIM_BDTRConfig                           0x080049b1   Thumb Code    32  stm32f10x_tim.o(.text)
    TIM_TimeBaseStructInit                   0x080049d1   Thumb Code    18  stm32f10x_tim.o(.text)
    TIM_OCStructInit                         0x080049e3   Thumb Code    20  stm32f10x_tim.o(.text)
    TIM_ICStructInit                         0x080049f7   Thumb Code    18  stm32f10x_tim.o(.text)
    TIM_BDTRStructInit                       0x08004a09   Thumb Code    40  stm32f10x_tim.o(.text)
    TIM_Cmd                                  0x08004a31   Thumb Code    24  stm32f10x_tim.o(.text)
    TIM_CtrlPWMOutputs                       0x08004a49   Thumb Code    30  stm32f10x_tim.o(.text)
    TIM_ITConfig                             0x08004a67   Thumb Code    18  stm32f10x_tim.o(.text)
    TIM_GenerateEvent                        0x08004a79   Thumb Code     4  stm32f10x_tim.o(.text)
    TIM_DMAConfig                            0x08004a7d   Thumb Code    10  stm32f10x_tim.o(.text)
    TIM_DMACmd                               0x08004a87   Thumb Code    18  stm32f10x_tim.o(.text)
    TIM_InternalClockConfig                  0x08004a99   Thumb Code    12  stm32f10x_tim.o(.text)
    TIM_SelectInputTrigger                   0x08004aa5   Thumb Code    18  stm32f10x_tim.o(.text)
    TIM_ITRxExternalClockConfig              0x08004ab7   Thumb Code    24  stm32f10x_tim.o(.text)
    TIM_TIxExternalClockConfig               0x08004acf   Thumb Code    62  stm32f10x_tim.o(.text)
    TIM_ETRConfig                            0x08004b0d   Thumb Code    28  stm32f10x_tim.o(.text)
    TIM_ETRClockMode1Config                  0x08004b29   Thumb Code    54  stm32f10x_tim.o(.text)
    TIM_ETRClockMode2Config                  0x08004b5f   Thumb Code    32  stm32f10x_tim.o(.text)
    TIM_PrescalerConfig                      0x08004b7f   Thumb Code     6  stm32f10x_tim.o(.text)
    TIM_CounterModeConfig                    0x08004b85   Thumb Code    18  stm32f10x_tim.o(.text)
    TIM_EncoderInterfaceConfig               0x08004b97   Thumb Code    66  stm32f10x_tim.o(.text)
    TIM_ForcedOC1Config                      0x08004bd9   Thumb Code    18  stm32f10x_tim.o(.text)
    TIM_ForcedOC2Config                      0x08004beb   Thumb Code    26  stm32f10x_tim.o(.text)
    TIM_ForcedOC3Config                      0x08004c05   Thumb Code    18  stm32f10x_tim.o(.text)
    TIM_ForcedOC4Config                      0x08004c17   Thumb Code    26  stm32f10x_tim.o(.text)
    TIM_ARRPreloadConfig                     0x08004c31   Thumb Code    24  stm32f10x_tim.o(.text)
    TIM_SelectCOM                            0x08004c49   Thumb Code    24  stm32f10x_tim.o(.text)
    TIM_SelectCCDMA                          0x08004c61   Thumb Code    24  stm32f10x_tim.o(.text)
    TIM_CCPreloadControl                     0x08004c79   Thumb Code    24  stm32f10x_tim.o(.text)
    TIM_OC1PreloadConfig                     0x08004c91   Thumb Code    18  stm32f10x_tim.o(.text)
    TIM_OC2PreloadConfig                     0x08004ca3   Thumb Code    26  stm32f10x_tim.o(.text)
    TIM_OC3PreloadConfig                     0x08004cbd   Thumb Code    18  stm32f10x_tim.o(.text)
    TIM_OC4PreloadConfig                     0x08004ccf   Thumb Code    26  stm32f10x_tim.o(.text)
    TIM_OC1FastConfig                        0x08004ce9   Thumb Code    18  stm32f10x_tim.o(.text)
    TIM_OC2FastConfig                        0x08004cfb   Thumb Code    26  stm32f10x_tim.o(.text)
    TIM_OC3FastConfig                        0x08004d15   Thumb Code    18  stm32f10x_tim.o(.text)
    TIM_OC4FastConfig                        0x08004d27   Thumb Code    26  stm32f10x_tim.o(.text)
    TIM_ClearOC1Ref                          0x08004d41   Thumb Code    18  stm32f10x_tim.o(.text)
    TIM_ClearOC2Ref                          0x08004d53   Thumb Code    24  stm32f10x_tim.o(.text)
    TIM_ClearOC3Ref                          0x08004d6b   Thumb Code    18  stm32f10x_tim.o(.text)
    TIM_ClearOC4Ref                          0x08004d7d   Thumb Code    24  stm32f10x_tim.o(.text)
    TIM_OC1PolarityConfig                    0x08004d95   Thumb Code    18  stm32f10x_tim.o(.text)
    TIM_OC1NPolarityConfig                   0x08004da7   Thumb Code    18  stm32f10x_tim.o(.text)
    TIM_OC2PolarityConfig                    0x08004db9   Thumb Code    26  stm32f10x_tim.o(.text)
    TIM_OC2NPolarityConfig                   0x08004dd3   Thumb Code    26  stm32f10x_tim.o(.text)
    TIM_OC3PolarityConfig                    0x08004ded   Thumb Code    26  stm32f10x_tim.o(.text)
    TIM_OC3NPolarityConfig                   0x08004e07   Thumb Code    26  stm32f10x_tim.o(.text)
    TIM_OC4PolarityConfig                    0x08004e21   Thumb Code    26  stm32f10x_tim.o(.text)
    TIM_CCxCmd                               0x08004e3b   Thumb Code    30  stm32f10x_tim.o(.text)
    TIM_CCxNCmd                              0x08004e59   Thumb Code    30  stm32f10x_tim.o(.text)
    TIM_SelectOCxM                           0x08004e77   Thumb Code    82  stm32f10x_tim.o(.text)
    TIM_UpdateDisableConfig                  0x08004ec9   Thumb Code    24  stm32f10x_tim.o(.text)
    TIM_UpdateRequestConfig                  0x08004ee1   Thumb Code    24  stm32f10x_tim.o(.text)
    TIM_SelectHallSensor                     0x08004ef9   Thumb Code    24  stm32f10x_tim.o(.text)
    TIM_SelectOnePulseMode                   0x08004f11   Thumb Code    18  stm32f10x_tim.o(.text)
    TIM_SelectOutputTrigger                  0x08004f23   Thumb Code    18  stm32f10x_tim.o(.text)
    TIM_SelectSlaveMode                      0x08004f35   Thumb Code    18  stm32f10x_tim.o(.text)
    TIM_SelectMasterSlaveMode                0x08004f47   Thumb Code    18  stm32f10x_tim.o(.text)
    TIM_SetCounter                           0x08004f59   Thumb Code     4  stm32f10x_tim.o(.text)
    TIM_SetAutoreload                        0x08004f5d   Thumb Code     4  stm32f10x_tim.o(.text)
    TIM_SetCompare1                          0x08004f61   Thumb Code     4  stm32f10x_tim.o(.text)
    TIM_SetCompare2                          0x08004f65   Thumb Code     4  stm32f10x_tim.o(.text)
    TIM_SetCompare3                          0x08004f69   Thumb Code     4  stm32f10x_tim.o(.text)
    TIM_SetCompare4                          0x08004f6d   Thumb Code     6  stm32f10x_tim.o(.text)
    TIM_SetClockDivision                     0x08004f73   Thumb Code    18  stm32f10x_tim.o(.text)
    TIM_GetCapture1                          0x08004f85   Thumb Code     6  stm32f10x_tim.o(.text)
    TIM_GetCapture2                          0x08004f8b   Thumb Code     6  stm32f10x_tim.o(.text)
    TIM_GetCapture3                          0x08004f91   Thumb Code     6  stm32f10x_tim.o(.text)
    TIM_GetCapture4                          0x08004f97   Thumb Code     8  stm32f10x_tim.o(.text)
    TIM_GetCounter                           0x08004f9f   Thumb Code     6  stm32f10x_tim.o(.text)
    TIM_GetPrescaler                         0x08004fa5   Thumb Code     6  stm32f10x_tim.o(.text)
    TIM_GetFlagStatus                        0x08004fab   Thumb Code    18  stm32f10x_tim.o(.text)
    TIM_ClearFlag                            0x08004fbd   Thumb Code     6  stm32f10x_tim.o(.text)
    TIM_GetITStatus                          0x08004fc3   Thumb Code    34  stm32f10x_tim.o(.text)
    TIM_ClearITPendingBit                    0x08004fe5   Thumb Code     6  stm32f10x_tim.o(.text)
    SystemInit                               0x080050cb   Thumb Code    78  system_stm32f10x.o(.text)
    SystemCoreClockUpdate                    0x08005119   Thumb Code   142  system_stm32f10x.o(.text)
    Reset_Handler                            0x080051cd   Thumb Code     8  startup_stm32f10x_md.o(.text)
    CAN1_RX1_IRQHandler                      0x080051e7   Thumb Code     0  startup_stm32f10x_md.o(.text)
    CAN1_SCE_IRQHandler                      0x080051e7   Thumb Code     0  startup_stm32f10x_md.o(.text)
    DMA1_Channel1_IRQHandler                 0x080051e7   Thumb Code     0  startup_stm32f10x_md.o(.text)
    DMA1_Channel4_IRQHandler                 0x080051e7   Thumb Code     0  startup_stm32f10x_md.o(.text)
    DMA1_Channel5_IRQHandler                 0x080051e7   Thumb Code     0  startup_stm32f10x_md.o(.text)
    DMA1_Channel7_IRQHandler                 0x080051e7   Thumb Code     0  startup_stm32f10x_md.o(.text)
    FLASH_IRQHandler                         0x080051e7   Thumb Code     0  startup_stm32f10x_md.o(.text)
    I2C1_ER_IRQHandler                       0x080051e7   Thumb Code     0  startup_stm32f10x_md.o(.text)
    I2C1_EV_IRQHandler                       0x080051e7   Thumb Code     0  startup_stm32f10x_md.o(.text)
    I2C2_ER_IRQHandler                       0x080051e7   Thumb Code     0  startup_stm32f10x_md.o(.text)
    I2C2_EV_IRQHandler                       0x080051e7   Thumb Code     0  startup_stm32f10x_md.o(.text)
    PVD_IRQHandler                           0x080051e7   Thumb Code     0  startup_stm32f10x_md.o(.text)
    RCC_IRQHandler                           0x080051e7   Thumb Code     0  startup_stm32f10x_md.o(.text)
    RTCAlarm_IRQHandler                      0x080051e7   Thumb Code     0  startup_stm32f10x_md.o(.text)
    RTC_IRQHandler                           0x080051e7   Thumb Code     0  startup_stm32f10x_md.o(.text)
    TAMPER_IRQHandler                        0x080051e7   Thumb Code     0  startup_stm32f10x_md.o(.text)
    TIM1_BRK_IRQHandler                      0x080051e7   Thumb Code     0  startup_stm32f10x_md.o(.text)
    TIM1_CC_IRQHandler                       0x080051e7   Thumb Code     0  startup_stm32f10x_md.o(.text)
    TIM1_TRG_COM_IRQHandler                  0x080051e7   Thumb Code     0  startup_stm32f10x_md.o(.text)
    USART1_IRQHandler                        0x080051e7   Thumb Code     0  startup_stm32f10x_md.o(.text)
    USART2_IRQHandler                        0x080051e7   Thumb Code     0  startup_stm32f10x_md.o(.text)
    USART3_IRQHandler                        0x080051e7   Thumb Code     0  startup_stm32f10x_md.o(.text)
    USBWakeUp_IRQHandler                     0x080051e7   Thumb Code     0  startup_stm32f10x_md.o(.text)
    WWDG_IRQHandler                          0x080051e7   Thumb Code     0  startup_stm32f10x_md.o(.text)
    create_ultrasound_frame                  0x080051f1   Thumb Code    46  api_can.o(.text)
    create_potentiometer_frame               0x0800521f   Thumb Code    26  api_can.o(.text)
    create_odometer_frame                    0x08005239   Thumb Code    26  api_can.o(.text)
    create_battery_frame                     0x08005253   Thumb Code    26  api_can.o(.text)
    CAN_setup                                0x0800526d   Thumb Code   158  can.o(.text)
    CAN_start                                0x0800530b   Thumb Code    30  can.o(.text)
    CAN_waitReady                            0x08005329   Thumb Code    96  can.o(.text)
    CAN_wrMsg                                0x08005389   Thumb Code   278  can.o(.text)
    CAN_rdMsg                                0x0800549f   Thumb Code   236  can.o(.text)
    CAN_wrFilter                             0x0800558b   Thumb Code   294  can.o(.text)
    USB_HP_CAN1_TX_IRQHandler                0x080056b1   Thumb Code   130  can.o(.text)
    USB_LP_CAN1_RX0_IRQHandler               0x08005733   Thumb Code    28  can.o(.text)
    TIM1_UP_IRQHandler                       0x08005789   Thumb Code    28  it.o(.text)
    TIM2_IRQHandler                          0x080057a5   Thumb Code    32  it.o(.text)
    TIM3_IRQHandler                          0x080057c5   Thumb Code    28  it.o(.text)
    Timer_Active_IT                          0x080057e1   Thumb Code   220  it.o(.text)
    __aeabi_memcpy                           0x080058e1   Thumb Code    36  memcpya.o(.text)
    __aeabi_memcpy4                          0x080058e1   Thumb Code     0  memcpya.o(.text)
    __aeabi_memcpy8                          0x080058e1   Thumb Code     0  memcpya.o(.text)
    __aeabi_fadd                             0x08005905   Thumb Code   164  fadd.o(.text)
    __aeabi_fsub                             0x080059a9   Thumb Code     6  fadd.o(.text)
    __aeabi_frsub                            0x080059af   Thumb Code     6  fadd.o(.text)
    __aeabi_fmul                             0x080059b5   Thumb Code   100  fmul.o(.text)
    __aeabi_fdiv                             0x08005a19   Thumb Code   124  fdiv.o(.text)
    __aeabi_dadd                             0x08005a95   Thumb Code   322  dadd.o(.text)
    __aeabi_dsub                             0x08005bd7   Thumb Code     6  dadd.o(.text)
    __aeabi_drsub                            0x08005bdd   Thumb Code     6  dadd.o(.text)
    __aeabi_dmul                             0x08005be3   Thumb Code   228  dmul.o(.text)
    __aeabi_ddiv                             0x08005cc7   Thumb Code   222  ddiv.o(.text)
    __aeabi_i2f                              0x08005da5   Thumb Code    18  fflti.o(.text)
    __aeabi_ui2f                             0x08005db7   Thumb Code    10  ffltui.o(.text)
    __aeabi_ul2f                             0x08005dc1   Thumb Code    28  ffltul.o(.text)
    __aeabi_i2d                              0x08005ddd   Thumb Code    34  dflti.o(.text)
    __aeabi_ui2d                             0x08005dff   Thumb Code    26  dfltui.o(.text)
    __aeabi_f2iz                             0x08005e19   Thumb Code    50  ffixi.o(.text)
    __aeabi_f2uiz                            0x08005e4b   Thumb Code    40  ffixui.o(.text)
    __aeabi_d2uiz                            0x08005e73   Thumb Code    50  dfixui.o(.text)
    __aeabi_f2d                              0x08005ea5   Thumb Code    38  f2d.o(.text)
    __aeabi_cdcmpeq                          0x08005ecd   Thumb Code     0  cdcmple.o(.text)
    __aeabi_cdcmple                          0x08005ecd   Thumb Code    48  cdcmple.o(.text)
    __aeabi_cdrcmple                         0x08005efd   Thumb Code    48  cdrcmple.o(.text)
    __aeabi_d2f                              0x08005f2d   Thumb Code    56  d2f.o(.text)
    __aeabi_cfcmpeq                          0x08005f65   Thumb Code     0  cfcmple.o(.text)
    __aeabi_cfcmple                          0x08005f65   Thumb Code    20  cfcmple.o(.text)
    __aeabi_cfrcmple                         0x08005f79   Thumb Code    20  cfrcmple.o(.text)
    __aeabi_llsl                             0x08005f8d   Thumb Code    30  llshl.o(.text)
    _ll_shift_l                              0x08005f8d   Thumb Code     0  llshl.o(.text)
    __aeabi_llsr                             0x08005fab   Thumb Code    32  llushr.o(.text)
    _ll_ushift_r                             0x08005fab   Thumb Code     0  llushr.o(.text)
    __aeabi_lasr                             0x08005fcb   Thumb Code    36  llsshr.o(.text)
    _ll_sshift_r                             0x08005fcb   Thumb Code     0  llsshr.o(.text)
    __I$use$fp                               0x08005fef   Thumb Code     0  iusefp.o(.text)
    _float_round                             0x08005fef   Thumb Code    18  fepilogue.o(.text)
    _float_epilogue                          0x08006001   Thumb Code    92  fepilogue.o(.text)
    _double_round                            0x0800605d   Thumb Code    30  depilogue.o(.text)
    _double_epilogue                         0x0800607b   Thumb Code   156  depilogue.o(.text)
    __scatterload                            0x08006119   Thumb Code    28  init.o(.text)
    __scatterload_rt2                        0x08006119   Thumb Code     0  init.o(.text)
    __decompress                             0x0800613d   Thumb Code     0  __dczerorl2.o(.text)
    __decompress1                            0x0800613d   Thumb Code    86  __dczerorl2.o(.text)
    __scatterload_copy                       0x08006193   Thumb Code    14  handlers.o(i.__scatterload_copy)
    __scatterload_null                       0x080061a1   Thumb Code     2  handlers.o(i.__scatterload_null)
    __scatterload_zeroinit                   0x080061a3   Thumb Code    14  handlers.o(i.__scatterload_zeroinit)
    Region$$Table$$Base                      0x080061b0   Number         0  anon$$obj.o(Region$$Table)
    Region$$Table$$Limit                     0x080061d0   Number         0  anon$$obj.o(Region$$Table)
    motor_speed                              0x20000000   Data           4  manager.o(.data)
    speedD                                   0x20000004   Data           2  manager.o(.data)
    speedG                                   0x20000006   Data           2  manager.o(.data)
    Manager_remainingTimeInCommandPeriod     0x20000008   Data           4  manager.o(.data)
    VAL_ULTRA                                0x2000000c   Data           6  main.o(.data)
    VAL_ODOMETER                             0x20000012   Data           1  main.o(.data)
    VAL_POTEN                                0x20000013   Data           1  main.o(.data)
    VAL_BAT                                  0x20000014   Data           1  main.o(.data)
    val_Tx                                   0x20000018   Data           4  main.o(.data)
    val_Rx                                   0x2000001c   Data           4  main.o(.data)
    trame                                    0x20000020   Data           8  main.o(.data)
    SpeedRx                                  0x20000028   Data           1  main.o(.data)
    DirRx                                    0x20000029   Data           1  main.o(.data)
    periodic_modulo                          0x2000002c   Data           4  main.o(.data)
    cnt_failure                              0x20000030   Data           4  main.o(.data)
    nb_rcv                                   0x20000034   Data           4  main.o(.data)
    msTicks                                  0x20000038   Data           4  main.o(.data)
    SR                                       0x2000003c   Data           4  main.o(.data)
    SL                                       0x20000040   Data           4  main.o(.data)
    FSR                                      0x20000044   Data           4  main.o(.data)
    FR                                       0x20000048   Data           4  main.o(.data)
    FL                                       0x2000004c   Data           4  main.o(.data)
    FSL                                      0x20000050   Data           4  main.o(.data)
    Prev_SR                                  0x20000054   Data           4  main.o(.data)
    Prev_SL                                  0x20000058   Data           4  main.o(.data)
    Prev_FSR                                 0x2000005c   Data           4  main.o(.data)
    Prev_FR                                  0x20000060   Data           4  main.o(.data)
    Prev_FL                                  0x20000064   Data           4  main.o(.data)
    Prev_FSL                                 0x20000068   Data           4  main.o(.data)
    angle                                    0x2000006c   Data           1  main.o(.data)
    pDataITF_STM                             0x20000070   Data           4  data_interface.o(.data)
    pDataITF_PI                              0x20000074   Data           4  data_interface.o(.data)
    FrontMotor_position                      0x20000078   Data           1  front_motor.o(.data)
    FrontMotor_speed                         0x20000079   Data           1  front_motor.o(.data)
    Motors_Dir                               0x2000007c   Data           3  hall_sensors.o(.data)
    HallSensor_numberOfPop                   0x20000080   Data           8  hall_sensors.o(.data)
    HallSensor_sector                        0x20000088   Data           4  hall_sensors.o(.data)
    SENSOR_Lap                               0x2000008c   Data           8  hall_sensors.o(.data)
    HallSensor_currentPeriodeTicks           0x20000094   Data           2  hall_sensors.o(.data)
    HallSensor_periodeTicks                  0x20000096   Data           2  hall_sensors.o(.data)
    SENSOR_RemainingTimeInHallPeriod         0x20000098   Data           4  hall_sensors.o(.data)
    adder                                    0x2000009c   Data           1  hall_sensors.o(.data)
    Motors_Direction                         0x2000009d   Data           3  motors.o(.data)
    position                                 0x200000a0   Data           8  position_sensors.o(.data)
    current                                  0x200000a8   Data           2  rear_motors.o(.data)
    speed_cmd                                0x200000ae   Data           2  rear_motors.o(.data)
    RearMotors_remainingTimeInCommandPeriod  0x200000b8   Data           4  rear_motors.o(.data)
    SAMPLE_TO_USE                            0x200000d0   Data           1  speed_sensors.o(.data)
    speed_tick                               0x200000dc   Data           8  speed_sensors.o(.data)
    speed_time                               0x200000e4   Data           8  speed_sensors.o(.data)
    time_millis                              0x200000f0   Data           8  system_time.o(.data)
    cpt_envoie                               0x200000f8   Data           1  system_time.o(.data)
    EoCalibrationL                           0x200000fc   Data           1  us_sensors.o(.data)
    EoCalibrationR                           0x200000fd   Data           1  us_sensors.o(.data)
    EoCalibrationC                           0x200000fe   Data           1  us_sensors.o(.data)
    GPIO_BSRR                                0x20000100   Data           4  us_sensors.o(.data)
    GPIO_BRR                                 0x20000104   Data           4  us_sensors.o(.data)
    counter_trig                             0x20000108   Data           4  us_sensors.o(.data)
    fl_dma                                   0x2000010c   Data           1  us_sensors.o(.data)
    rl_dma                                   0x2000010d   Data           1  us_sensors.o(.data)
    fc_dma                                   0x2000010e   Data           1  us_sensors.o(.data)
    rc_dma                                   0x2000010f   Data           1  us_sensors.o(.data)
    fr_dma                                   0x20000110   Data           1  us_sensors.o(.data)
    rr_dma                                   0x20000111   Data           1  us_sensors.o(.data)
    changeStateLeft                          0x20000112   Data           1  us_sensors.o(.data)
    changeStateRight                         0x20000113   Data           1  us_sensors.o(.data)
    changeStateCenter                        0x20000114   Data           1  us_sensors.o(.data)
    RemapTimersStatus                        0x20000115   Data           4  tim.o(.data)
    SystemCoreClock                          0x20000130   Data           4  system_stm32f10x.o(.data)
    AHBPrescTable                            0x20000134   Data          16  system_stm32f10x.o(.data)
    CAN_TxRdy0                               0x20000144   Data           4  can.o(.data)
    CAN_TxRdy1                               0x20000148   Data           4  can.o(.data)
    CAN_TxRdy2                               0x2000014c   Data           4  can.o(.data)
    CAN_RxRdy                                0x20000150   Data           4  can.o(.data)
    pFnc2                                    0x20000158   Data           4  it.o(.data)
    pFnc3                                    0x2000015c   Data           4  it.o(.data)
    pFnc4                                    0x20000160   Data           4  it.o(.data)
    pFnc1                                    0x20000164   Data           4  it.o(.data)
    SENSOR_LastPops                          0x20000168   Data         576  hall_sensors.o(.bss)
    sensors                                  0x200003a8   Data          36  us_sensors.o(.bss)
    TIM_TimeBaseStructure                    0x200003cc   Data          10  us_sensors.o(.bss)
    TIM_ICInitStructure                      0x200003d6   Data          10  us_sensors.o(.bss)
    SENSORS_LEFT_DATA                        0x200003e0   Data          12  us_sensors.o(.bss)
    SENSORS_RIGHT_DATA                       0x200003ec   Data          12  us_sensors.o(.bss)
    SENSORS_CENTER_DATA                      0x200003f8   Data          12  us_sensors.o(.bss)
    initialized                              0x20000404   Data          12  adc.o(.bss)
    conversion_values                        0x20000410   Data          30  adc.o(.bss)
    CAN_TxMsg                                0x20000430   Data          16  can.o(.bss)
    CAN_RxMsg                                0x20000440   Data          16  can.o(.bss)
    __initial_sp                             0x20000850   Data           0  startup_stm32f10x_md.o(STACK)



==============================================================================

Memory Map of the image

  Image Entry point : 0x080051cd

  Load Region LR_1 (Base: 0x08000000, Size: 0x00006338, Max: 0xffffffff, ABSOLUTE, COMPRESSED[0x0000620c])

    Execution Region ER_RO (Base: 0x08000000, Size: 0x000061d0, Max: 0xffffffff, ABSOLUTE)

    Base Addr    Size         Type   Attr      Idx    E Section Name        Object

    0x08000000   0x000000ec   Data   RO          923    RESET               startup_stm32f10x_md.o
    0x080000ec   0x00000000   Code   RO         1051  * .ARM.Collect$$$$00000000  mc_w.l(entry.o)
    0x080000ec   0x00000004   Code   RO         1098    .ARM.Collect$$$$00000001  mc_w.l(entry2.o)
    0x080000f0   0x00000004   Code   RO         1101    .ARM.Collect$$$$00000004  mc_w.l(entry5.o)
    0x080000f4   0x00000000   Code   RO         1103    .ARM.Collect$$$$00000008  mc_w.l(entry7b.o)
    0x080000f4   0x00000000   Code   RO         1105    .ARM.Collect$$$$0000000A  mc_w.l(entry8b.o)
    0x080000f4   0x00000008   Code   RO         1106    .ARM.Collect$$$$0000000B  mc_w.l(entry9a.o)
    0x080000fc   0x00000000   Code   RO         1108    .ARM.Collect$$$$0000000D  mc_w.l(entry10a.o)
    0x080000fc   0x00000000   Code   RO         1110    .ARM.Collect$$$$0000000F  mc_w.l(entry11a.o)
    0x080000fc   0x00000004   Code   RO         1099    .ARM.Collect$$$$00002712  mc_w.l(entry2.o)
    0x08000100   0x00000148   Code   RO            1    .text               manager.o
    0x08000248   0x00000654   Code   RO          105    .text               main.o
    0x0800089c   0x0000003c   Code   RO          145    .text               battery.o
    0x080008d8   0x00000030   Code   RO          178    .text               direction.o
    0x08000908   0x00000026   Code   RO          190    .text               driver_callbacks.o
    0x0800092e   0x00000002   PAD
    0x08000930   0x000000c8   Code   RO          220    .text               front_motor.o
    0x080009f8   0x00000284   Code   RO          244    .text               hall_sensors.o
    0x08000c7c   0x00000244   Code   RO          279    .text               motors.o
    0x08000ec0   0x000000a4   Code   RO          300    .text               position_sensors.o
    0x08000f64   0x00000448   Code   RO          315    .text               rear_motors.o
    0x080013ac   0x00000210   Code   RO          337    .text               speed_sensors.o
    0x080015bc   0x00000060   Code   RO          352    .text               system_time.o
    0x0800161c   0x000006c0   Code   RO          373    .text               us_sensors.o
    0x08001cdc   0x000002f0   Code   RO          392    .text               adc.o
    0x08001fcc   0x00000138   Code   RO          436    .text               dma.o
    0x08002104   0x00000308   Code   RO          448    .text               exti.o
    0x0800240c   0x000000b8   Code   RO          460    .text               gpio.o
    0x080024c4   0x00000264   Code   RO          472    .text               it_handlers.o
    0x08002728   0x0000002c   Code   RO          487    .text               nvic.o
    0x08002754   0x000002d0   Code   RO          499    .text               pwm.o
    0x08002a24   0x0000010c   Code   RO          511    .text               spi.o
    0x08002b30   0x0000007c   Code   RO          526    .text               systick.o
    0x08002bac   0x0000037c   Code   RO          542    .text               tim.o
    0x08002f28   0x000000dc   Code   RO          572    .text               misc.o
    0x08003004   0x0000044e   Code   RO          584    .text               stm32f10x_adc.o
    0x08003452   0x00000002   PAD
    0x08003454   0x00000254   Code   RO          683    .text               stm32f10x_dma.o
    0x080036a8   0x0000011c   Code   RO          695    .text               stm32f10x_exti.o
    0x080037c4   0x0000035c   Code   RO          737    .text               stm32f10x_gpio.o
    0x08003b20   0x000003a4   Code   RO          794    .text               stm32f10x_rcc.o
    0x08003ec4   0x0000030c   Code   RO          838    .text               stm32f10x_spi.o
    0x080041d0   0x00000e1a   Code   RO          850    .text               stm32f10x_tim.o
    0x08004fea   0x00000002   PAD
    0x08004fec   0x000001e0   Code   RO          903    .text               system_stm32f10x.o
    0x080051cc   0x00000024   Code   RO          924  * .text               startup_stm32f10x_md.o
    0x080051f0   0x0000007c   Code   RO          928    .text               api_can.o
    0x0800526c   0x0000051c   Code   RO          946    .text               can.o
    0x08005788   0x00000158   Code   RO         1002    .text               it.o
    0x080058e0   0x00000024   Code   RO         1054    .text               mc_w.l(memcpya.o)
    0x08005904   0x000000b0   Code   RO         1058    .text               mf_w.l(fadd.o)
    0x080059b4   0x00000064   Code   RO         1060    .text               mf_w.l(fmul.o)
    0x08005a18   0x0000007c   Code   RO         1062    .text               mf_w.l(fdiv.o)
    0x08005a94   0x0000014e   Code   RO         1064    .text               mf_w.l(dadd.o)
    0x08005be2   0x000000e4   Code   RO         1066    .text               mf_w.l(dmul.o)
    0x08005cc6   0x000000de   Code   RO         1068    .text               mf_w.l(ddiv.o)
    0x08005da4   0x00000012   Code   RO         1070    .text               mf_w.l(fflti.o)
    0x08005db6   0x0000000a   Code   RO         1072    .text               mf_w.l(ffltui.o)
    0x08005dc0   0x0000001c   Code   RO         1074    .text               mf_w.l(ffltul.o)
    0x08005ddc   0x00000022   Code   RO         1076    .text               mf_w.l(dflti.o)
    0x08005dfe   0x0000001a   Code   RO         1078    .text               mf_w.l(dfltui.o)
    0x08005e18   0x00000032   Code   RO         1080    .text               mf_w.l(ffixi.o)
    0x08005e4a   0x00000028   Code   RO         1082    .text               mf_w.l(ffixui.o)
    0x08005e72   0x00000032   Code   RO         1084    .text               mf_w.l(dfixui.o)
    0x08005ea4   0x00000026   Code   RO         1086    .text               mf_w.l(f2d.o)
    0x08005eca   0x00000002   PAD
    0x08005ecc   0x00000030   Code   RO         1088    .text               mf_w.l(cdcmple.o)
    0x08005efc   0x00000030   Code   RO         1090    .text               mf_w.l(cdrcmple.o)
    0x08005f2c   0x00000038   Code   RO         1092    .text               mf_w.l(d2f.o)
    0x08005f64   0x00000014   Code   RO         1094    .text               mf_w.l(cfcmple.o)
    0x08005f78   0x00000014   Code   RO         1096    .text               mf_w.l(cfrcmple.o)
    0x08005f8c   0x0000001e   Code   RO         1112    .text               mc_w.l(llshl.o)
    0x08005faa   0x00000020   Code   RO         1114    .text               mc_w.l(llushr.o)
    0x08005fca   0x00000024   Code   RO         1116    .text               mc_w.l(llsshr.o)
    0x08005fee   0x00000000   Code   RO         1118    .text               mc_w.l(iusefp.o)
    0x08005fee   0x0000006e   Code   RO         1119    .text               mf_w.l(fepilogue.o)
    0x0800605c   0x000000ba   Code   RO         1121    .text               mf_w.l(depilogue.o)
    0x08006116   0x00000002   PAD
    0x08006118   0x00000024   Code   RO         1123    .text               mc_w.l(init.o)
    0x0800613c   0x00000056   Code   RO         1133    .text               mc_w.l(__dczerorl2.o)
    0x08006192   0x0000000e   Code   RO         1127    i.__scatterload_copy  mc_w.l(handlers.o)
    0x080061a0   0x00000002   Code   RO         1128    i.__scatterload_null  mc_w.l(handlers.o)
    0x080061a2   0x0000000e   Code   RO         1129    i.__scatterload_zeroinit  mc_w.l(handlers.o)
    0x080061b0   0x00000020   Data   RO         1125    Region$$Table       anon$$obj.o


    Execution Region ER_RW (Base: 0x20000000, Size: 0x00000168, Max: 0xffffffff, ABSOLUTE, COMPRESSED[0x0000003c])

    Base Addr    Size         Type   Attr      Idx    E Section Name        Object

    0x20000000   0x0000000c   Data   RW            2    .data               manager.o
    0x2000000c   0x00000061   Data   RW          107    .data               main.o
    0x2000006d   0x00000003   PAD
    0x20000070   0x00000008   Data   RW          161    .data               data_interface.o
    0x20000078   0x00000002   Data   RW          221    .data               front_motor.o
    0x2000007a   0x00000002   PAD
    0x2000007c   0x00000021   Data   RW          246    .data               hall_sensors.o
    0x2000009d   0x00000003   Data   RW          280    .data               motors.o
    0x200000a0   0x00000008   Data   RW          301    .data               position_sensors.o
    0x200000a8   0x00000028   Data   RW          316    .data               rear_motors.o
    0x200000d0   0x0000001c   Data   RW          338    .data               speed_sensors.o
    0x200000ec   0x00000004   PAD
    0x200000f0   0x00000009   Data   RW          353    .data               system_time.o
    0x200000f9   0x00000003   PAD
    0x200000fc   0x00000019   Data   RW          375    .data               us_sensors.o
    0x20000115   0x00000004   Data   RW          543    .data               tim.o
    0x20000119   0x00000014   Data   RW          795    .data               stm32f10x_rcc.o
    0x2000012d   0x00000003   PAD
    0x20000130   0x00000014   Data   RW          904    .data               system_stm32f10x.o
    0x20000144   0x00000012   Data   RW          948    .data               can.o
    0x20000156   0x00000002   PAD
    0x20000158   0x00000010   Data   RW         1003    .data               it.o


    Execution Region ER_ZI (Base: 0x20000168, Size: 0x000006e8, Max: 0xffffffff, ABSOLUTE)

    Base Addr    Size         Type   Attr      Idx    E Section Name        Object

    0x20000168   0x00000240   Zero   RW          245    .bss                hall_sensors.o
    0x200003a8   0x0000005c   Zero   RW          374    .bss                us_sensors.o
    0x20000404   0x0000002a   Zero   RW          393    .bss                adc.o
    0x2000042e   0x00000002   PAD
    0x20000430   0x00000020   Zero   RW          947    .bss                can.o
    0x20000450   0x00000400   Zero   RW          921    STACK               startup_stm32f10x_md.o


==============================================================================

Image component sizes


      Code (inc. data)   RO Data    RW Data    ZI Data      Debug   Object Name

       752         40          0          0         42       3470   adc.o
       124          0          0          0          0       1144   api_can.o
        60          8          0          0          0        652   battery.o
      1308         84          0         18         32     220734   can.o
         0          0          0          0          0         32   core_cm3.o
         0          0          0          8          0       2003   data_interface.o
        48         10          0          0          0        664   direction.o
       312          8          0          0          0       2481   dma.o
        38          0          0          0          0       1074   driver_callbacks.o
       776         30          0          0          0       3340   exti.o
       200         16          0          2          0       1636   front_motor.o
       184         30          0          0          0       1358   gpio.o
       644         44          0         33        576       5252   hall_sensors.o
       344         36          0         16          0       1751   it.o
       612         18          0          0          0       5062   it_handlers.o
      1620        126          0         97          0       5414   main.o
       328         24          0         12          0     278845   manager.o
       220         22          0          0          0       1877   misc.o
       580         36          0          3          0       3602   motors.o
        44          0          0          0          0        629   nvic.o
       164         18          0          8          0       1836   position_sensors.o
       720         28          0          0          0       2734   pwm.o
      1096         84          0         40          0       4696   rear_motors.o
       528         50          0         28          0       2902   speed_sensors.o
       268         16          0          0          0       2062   spi.o
        36          8        236          0       1024        892   startup_stm32f10x_md.o
      1102         26          0          0          0      11113   stm32f10x_adc.o
       596          8          0          0          0       4442   stm32f10x_dma.o
       284         10          0          0          0       2331   stm32f10x_exti.o
       860         38          0          0          0       5805   stm32f10x_gpio.o
       932         36          0         20          0       9004   stm32f10x_rcc.o
       780         14          0          0          0       6690   stm32f10x_spi.o
      3610         88          0          0          0      22916   stm32f10x_tim.o
       480         38          0         20          0       2007   system_stm32f10x.o
        96          6          0          9          0       1596   system_time.o
       124         12          0          0          0      16070   systick.o
       892         48          0          4          0       3204   tim.o
      1728        148          0         25         92       6358   us_sensors.o

    ----------------------------------------------------------------------
     22496       1208        268        360       1768     647678   Object Totals
         0          0         32          0          0          0   (incl. Generated)
         6          0          0         17          2          0   (incl. Padding)

    ----------------------------------------------------------------------

      Code (inc. data)   RO Data    RW Data    ZI Data      Debug   Library Member Name

        86          0          0          0          0          0   __dczerorl2.o
         0          0          0          0          0          0   entry.o
         0          0          0          0          0          0   entry10a.o
         0          0          0          0          0          0   entry11a.o
         8          4          0          0          0          0   entry2.o
         4          0          0          0          0          0   entry5.o
         0          0          0          0          0          0   entry7b.o
         0          0          0          0          0          0   entry8b.o
         8          4          0          0          0          0   entry9a.o
        30          0          0          0          0          0   handlers.o
        36          8          0          0          0         68   init.o
         0          0          0          0          0          0   iusefp.o
        30          0          0          0          0         68   llshl.o
        36          0          0          0          0         68   llsshr.o
        32          0          0          0          0         68   llushr.o
        36          0          0          0          0         68   memcpya.o
        48          0          0          0          0         68   cdcmple.o
        48          0          0          0          0         68   cdrcmple.o
        20          0          0          0          0         68   cfcmple.o
        20          0          0          0          0         68   cfrcmple.o
        56          0          0          0          0         88   d2f.o
       334          0          0          0          0        148   dadd.o
       222          0          0          0          0        100   ddiv.o
       186          0          0          0          0        176   depilogue.o
        50          0          0          0          0         76   dfixui.o
        34          0          0          0          0         76   dflti.o
        26          0          0          0          0         76   dfltui.o
       228          0          0          0          0         96   dmul.o
        38          0          0          0          0         68   f2d.o
       176          0          0          0          0        140   fadd.o
       124          0          0          0          0         88   fdiv.o
       110          0          0          0          0        168   fepilogue.o
        50          0          0          0          0         68   ffixi.o
        40          0          0          0          0         68   ffixui.o
        18          0          0          0          0         68   fflti.o
        10          0          0          0          0         68   ffltui.o
        28          0          0          0          0         84   ffltul.o
       100          0          0          0          0         76   fmul.o

    ----------------------------------------------------------------------
      2276         16          0          0          0       2344   Library Totals
         4          0          0          0          0          0   (incl. Padding)

    ----------------------------------------------------------------------

      Code (inc. data)   RO Data    RW Data    ZI Data      Debug   Library Name

       306         16          0          0          0        340   mc_w.l
      1966          0          0          0          0       2004   mf_w.l

    ----------------------------------------------------------------------
      2276         16          0          0          0       2344   Library Totals

    ----------------------------------------------------------------------

==============================================================================


      Code (inc. data)   RO Data    RW Data    ZI Data      Debug   

     24772       1224        268        360       1768     645678   Grand Totals
     24772       1224        268         60       1768     645678   ELF Image Totals (compressed)
     24772       1224        268         60          0          0   ROM Totals

==============================================================================

    Total RO  Size (Code + RO Data)                25040 (  24.45kB)
    Total RW  Size (RW Data + ZI Data)              2128 (   2.08kB)
    Total ROM Size (Code + RO Data + RW Data)      25100 (  24.51kB)

==============================================================================

